{
  "at": "2026-09-26T17:04:29.986587+00:00",
  "code_sha": "02f4b771db95fb396ef3a0bfa03f1fbd83333585",
  "policy_sha256": "5418632734964fda81fe653e4996d1519b9de3a6cf51ed191556c243770542da",
  "input_sha256": "c59be4c079d2ffd8ae0127c8a361c77ba277252abb2c7202efb9ee4e8e6084d3",
  "run_id": "g1-complete-pilot-02",
  "classification": "CURRENT_RUN_CONDITIONAL_ANALYSIS",
  "execution": "RECOMPUTE",
  "source_crs": "UNVERIFIED",
  "analysis_contract_id": "G1_CONDITIONAL_ENU_V1",
  "new_model_calls": 0,
  "record_scope": [
    "0",
    "1",
    "2",
    "246",
    "256",
    "306",
    "352"
  ],
  "artifacts": {
    "profile_pilot": {
      "path": "task1/evidence/goal1/revisions/SC-LAB1-G1-COMPLETE-001/runs/g1-complete-pilot-02/profile_pilot.json",
      "sha256": "ed6d427bf712a433650bc28238ce58522065ad8dfc754301733ea005cb30ac71",
      "artifact_id": "g1-complete-pilot-02:profile_pilot",
      "output_sha256": "ca15bc89da9c64243093c031562f7bb275579bb4b67792780b3c993469ca6333",
      "action": "profile_pilot",
      "valid": true,
      "source_hashes": {
        "task1/workflow/io.py": "0d3d72dd0beb4718f4020a07a5f1c0ca89193943049a479816b5c496806321b2",
        "task1/workflow/tools.py": "0fde0acebfe3ec97bd2653744ac8f0444c1e9a162c61970bccf8a94a9fbd0b3f",
        "task1/workflow/diagnostics.py": "e2ef635bbd95db505b3eff336ca59074a60217a70b2bc644624c3fbd0280acda"
      }
    },
    "duplicate_details": {
      "path": "task1/evidence/goal1/revisions/SC-LAB1-G1-COMPLETE-001/runs/g1-complete-pilot-02/duplicate_details.json",
      "sha256": "2af0cd5d718fa8cc5bd955eeea4c1fdd05374d7a173fdf9d9bc1c56f0d49e32d",
      "artifact_id": "g1-complete-pilot-02:duplicate_details",
      "output_sha256": "4d0e4d47d6231a3e64e22ff59b94d0e0f37b447b73bad8f15745b2f64685a69e",
      "action": "duplicate_details",
      "valid": true,
      "source_hashes": {
        "task1/workflow/io.py": "0d3d72dd0beb4718f4020a07a5f1c0ca89193943049a479816b5c496806321b2",
        "task1/workflow/tools.py": "0fde0acebfe3ec97bd2653744ac8f0444c1e9a162c61970bccf8a94a9fbd0b3f",
        "task1/workflow/diagnostics.py": "e2ef635bbd95db505b3eff336ca59074a60217a70b2bc644624c3fbd0280acda"
      }
    },
    "time_boundaries": {
      "path": "task1/evidence/goal1/revisions/SC-LAB1-G1-COMPLETE-001/runs/g1-complete-pilot-02/time_boundaries.json",
      "sha256": "e50a6451fa93cc505fe3c710c84a3dd50aa12f3e3a2594ce30bde6dea5578274",
      "artifact_id": "g1-complete-pilot-02:time_boundaries",
      "output_sha256": "8b34dfa30df221b25a254f057b58c3325b121d9d5dfb8d34f6882672b0f06980",
      "action": "time_boundaries",
      "valid": true,
      "source_hashes": {
        "task1/workflow/io.py": "0d3d72dd0beb4718f4020a07a5f1c0ca89193943049a479816b5c496806321b2",
        "task1/workflow/tools.py": "0fde0acebfe3ec97bd2653744ac8f0444c1e9a162c61970bccf8a94a9fbd0b3f",
        "task1/workflow/diagnostics.py": "e2ef635bbd95db505b3eff336ca59074a60217a70b2bc644624c3fbd0280acda"
      }
    },
    "baseline": {
      "path": "task1/evidence/goal1/revisions/SC-LAB1-G1-COMPLETE-001/runs/g1-complete-pilot-02/baseline.json",
      "sha256": "865710aea34a316fe83088d7cf2ac1aec68c96623269bfcf06255b5db2930fd8",
      "artifact_id": "g1-complete-pilot-02:baseline",
      "output_sha256": "36b39abfa1d1e79fe6999831083eb36a1d9e2a4f737e374e1514f08ef5016eab",
      "action": "baseline",
      "valid": true,
      "source_hashes": {
        "task1/workflow/io.py": "0d3d72dd0beb4718f4020a07a5f1c0ca89193943049a479816b5c496806321b2",
        "task1/workflow/tools.py": "0fde0acebfe3ec97bd2653744ac8f0444c1e9a162c61970bccf8a94a9fbd0b3f",
        "task1/workflow/diagnostics.py": "e2ef635bbd95db505b3eff336ca59074a60217a70b2bc644624c3fbd0280acda",
        "task1/workflow/pipeline.py": "160bedcc0d8dffce71d833dffc4de28928bc7007077ae8d03c57c96d827548c7",
        "task1/workflow/geometry.py": "2ad3ca3b49e98e997684e3f5af948771be80dfb03b31b2ae4cc4483856e93d74",
        "task1/workflow/evaluation.py": "7cf224fbc290d3e83acd5d83a3fe335e6dc437c762f7053d8132817aa91025b2",
        "task1/workflow/coordinates.py": "d99b270a65c88f8530669d5e7d0887d7563b3e54e19770ab7a9eb695117e075d",
        "task1/config/conditional_planar.json": "5b1ab7dbf25797a51405a2cddd93a8d2ea3e3b69530369366d0e05be7abb8169"
      }
    }
  },
  "reviews": {
    "profile_pilot": {
      "path": "task1/evidence/goal1/revisions/SC-LAB1-G1-COMPLETE-001/runs/g1-complete-pilot-02/profile_pilot_review.json",
      "sha256": "33636300e8fd3b9cf49f4fd284ceb1981911d92810c215878d381882ad5f484f",
      "source_hashes": {
        "task1/workflow/artifact_review.py": "dfa0b91149662baf26861a9ec0e51223842d0ac62ada29015eca7b119c68da48",
        "task1/workflow/evaluation.py": "7cf224fbc290d3e83acd5d83a3fe335e6dc437c762f7053d8132817aa91025b2"
      }
    },
    "duplicate_details": {
      "path": "task1/evidence/goal1/revisions/SC-LAB1-G1-COMPLETE-001/runs/g1-complete-pilot-02/duplicate_details_review.json",
      "sha256": "53bac6bd0a84e68db144d7187dc8a7d90aad9c8764e7d29f1e712c822d992d6b",
      "source_hashes": {
        "task1/workflow/artifact_review.py": "dfa0b91149662baf26861a9ec0e51223842d0ac62ada29015eca7b119c68da48",
        "task1/workflow/evaluation.py": "7cf224fbc290d3e83acd5d83a3fe335e6dc437c762f7053d8132817aa91025b2"
      }
    },
    "time_boundaries": {
      "path": "task1/evidence/goal1/revisions/SC-LAB1-G1-COMPLETE-001/runs/g1-complete-pilot-02/time_boundaries_review.json",
      "sha256": "3206b23ef98f3047c6d7d3dc445d66f4e36665fbe2f17a18826489c9c9c10d0e",
      "source_hashes": {
        "task1/workflow/artifact_review.py": "dfa0b91149662baf26861a9ec0e51223842d0ac62ada29015eca7b119c68da48",
        "task1/workflow/evaluation.py": "7cf224fbc290d3e83acd5d83a3fe335e6dc437c762f7053d8132817aa91025b2"
      }
    },
    "baseline": {
      "path": "task1/evidence/goal1/revisions/SC-LAB1-G1-COMPLETE-001/runs/g1-complete-pilot-02/baseline_review.json",
      "sha256": "4f02b0f531fb5875a8b30c0aa487fb0e36aca3233990a5c2ba2533de3c5f49e1",
      "source_hashes": {
        "task1/workflow/artifact_review.py": "dfa0b91149662baf26861a9ec0e51223842d0ac62ada29015eca7b119c68da48",
        "task1/workflow/evaluation.py": "7cf224fbc290d3e83acd5d83a3fe335e6dc437c762f7053d8132817aa91025b2"
      }
    }
  },
  "point_actions": {
    "path": "task1/evidence/goal1/revisions/SC-LAB1-G1-COMPLETE-001/runs/g1-complete-pilot-02/point_actions.jsonl",
    "sha256": "dc149e6901d2f9515c1003a0a790645d0edfbc29dd1dfe255ec839f4722dffd5"
  },
  "coverage": {
    "status": "VERIFIED",
    "missing": []
  },
  "baseline_status": "VERIFIED",
  "goal1_complete": false
}
